Archive member included to satisfy reference by file (symbol)

/opt/gcc-arm-none-eabi/bin/../lib/gcc/arm-none-eabi/13.2.1/../../../../arm-none-eabi/lib/thumb/v7e-m/nofp/libc_nano.a(libc_a-strlen.o)
                              obj/LogOutput.o (strlen)
/opt/gcc-arm-none-eabi/bin/../lib/gcc/arm-none-eabi/13.2.1/../../../../arm-none-eabi/lib/thumb/v7e-m/nofp/libc_nano.a(libc_a-memset.o)
                              obj/System.o (memset)
/opt/gcc-arm-none-eabi/bin/../lib/gcc/arm-none-eabi/13.2.1/thumb/v7e-m/nofp/libgcc.a(_arm_muldf3.o)
                              obj/printf.o (__aeabi_dmul)
/opt/gcc-arm-none-eabi/bin/../lib/gcc/arm-none-eabi/13.2.1/thumb/v7e-m/nofp/libgcc.a(_arm_addsubdf3.o)
                              obj/printf.o (__aeabi_dsub)
/opt/gcc-arm-none-eabi/bin/../lib/gcc/arm-none-eabi/13.2.1/thumb/v7e-m/nofp/libgcc.a(_arm_muldivdf3.o)
                              obj/printf.o (__aeabi_ddiv)
/opt/gcc-arm-none-eabi/bin/../lib/gcc/arm-none-eabi/13.2.1/thumb/v7e-m/nofp/libgcc.a(_arm_cmpdf2.o)
                              obj/printf.o (__aeabi_dcmpeq)
/opt/gcc-arm-none-eabi/bin/../lib/gcc/arm-none-eabi/13.2.1/thumb/v7e-m/nofp/libgcc.a(_arm_fixdfsi.o)
                              obj/printf.o (__aeabi_d2iz)
/opt/gcc-arm-none-eabi/bin/../lib/gcc/arm-none-eabi/13.2.1/thumb/v7e-m/nofp/libgcc.a(_arm_fixunsdfsi.o)
                              obj/printf.o (__aeabi_d2uiz)
/opt/gcc-arm-none-eabi/bin/../lib/gcc/arm-none-eabi/13.2.1/thumb/v7e-m/nofp/libgcc.a(_aeabi_uldivmod.o)
                              obj/printf.o (__aeabi_uldivmod)
/opt/gcc-arm-none-eabi/bin/../lib/gcc/arm-none-eabi/13.2.1/thumb/v7e-m/nofp/libgcc.a(_udivmoddi4.o)
                              /opt/gcc-arm-none-eabi/bin/../lib/gcc/arm-none-eabi/13.2.1/thumb/v7e-m/nofp/libgcc.a(_aeabi_uldivmod.o) (__udivmoddi4)
/opt/gcc-arm-none-eabi/bin/../lib/gcc/arm-none-eabi/13.2.1/thumb/v7e-m/nofp/libgcc.a(_dvmd_tls.o)
                              /opt/gcc-arm-none-eabi/bin/../lib/gcc/arm-none-eabi/13.2.1/thumb/v7e-m/nofp/libgcc.a(_aeabi_uldivmod.o) (__aeabi_ldiv0)
obj/libstm32.a(stm32g4xx_hal_adc.o)
                              obj/ADCModule.o (HAL_ADC_Init)
obj/libstm32.a(stm32g4xx_hal_adc_ex.o)
                              obj/ADCModule.o (HAL_ADCEx_Calibration_Start)
obj/libstm32.a(stm32g4xx_hal.o)
                              obj/SystemState.o (HAL_Init)
obj/libstm32.a(stm32g4xx_hal_cortex.o)
                              obj/libstm32.a(stm32g4xx_hal.o) (HAL_NVIC_SetPriorityGrouping)
obj/libstm32.a(stm32g4xx_hal_dma.o)
                              obj/ADCModule.o (HAL_DMA_Init)
obj/libstm32.a(stm32g4xx_hal_gpio.o)
                              obj/ADCModule.o (HAL_GPIO_Init)
obj/libstm32.a(stm32g4xx_hal_pwr_ex.o)
                              obj/System.o (HAL_PWREx_ControlVoltageScaling)
obj/libstm32.a(stm32g4xx_hal_rcc.o)
                              obj/System.o (HAL_RCC_OscConfig)
obj/libstm32.a(stm32g4xx_hal_rcc_ex.o)
                              obj/ADCModule.o (HAL_RCCEx_PeriphCLKConfig)
obj/libstm32.a(stm32g4xx_hal_tim.o)
                              obj/TimerModule.o (HAL_TIM_Base_Init)
obj/libstm32.a(stm32g4xx_hal_tim_ex.o)
                              obj/libstm32.a(stm32g4xx_hal_tim.o) (TIMEx_DMACommutationCplt)
obj/libstm32.a(stm32g4xx_hal_uart.o)
                              obj/UARTModule.o (HAL_UART_Init)
obj/libstm32.a(stm32g4xx_hal_uart_ex.o)
                              obj/libstm32.a(stm32g4xx_hal_uart.o) (HAL_UARTEx_WakeupCallback)
obj/libstm32.a(stm32g4xx_hal_pwr.o)
                              obj/libstm32.a(stm32g4xx_hal_rcc_ex.o) (HAL_PWR_EnableBkUpAccess)

Discarded input sections

 .text          0x00000000       0x14 obj/startup_stm32g474xx.o
 .data          0x00000000        0x0 obj/startup_stm32g474xx.o
 .bss           0x00000000        0x0 obj/startup_stm32g474xx.o
 .text          0x00000000        0x0 obj/main.o
 .data          0x00000000        0x0 obj/main.o
 .bss           0x00000000        0x0 obj/main.o
 .text          0x00000000        0x0 obj/System.o
 .data          0x00000000        0x0 obj/System.o
 .bss           0x00000000        0x0 obj/System.o
 .text.SystemCoreClockUpdate
                0x00000000       0xd4 obj/System.o
 .text          0x00000000        0x0 obj/SampleApplication.o
 .data          0x00000000        0x0 obj/SampleApplication.o
 .bss           0x00000000        0x0 obj/SampleApplication.o
 .text          0x00000000        0x0 obj/ADCModule.o
 .data          0x00000000        0x0 obj/ADCModule.o
 .bss           0x00000000        0x0 obj/ADCModule.o
 .rodata.MICROVOLTS_PER_DIGIT
                0x00000000        0x4 obj/ADCModule.o
 .text          0x00000000        0x0 obj/ButtonModule.o
 .data          0x00000000        0x0 obj/ButtonModule.o
 .bss           0x00000000        0x0 obj/ButtonModule.o
 .text.buttonGetButtonStatus
                0x00000000       0x6c obj/ButtonModule.o
 .text          0x00000000        0x0 obj/DisplayModule.o
[...]
Memory Configuration

Name             Origin             Length             Attributes
RAM              0x20000000         0x00020000         xrw
FLASH            0x08000000         0x00080000         xr
*default*        0x00000000         0xffffffff

Linker script and memory map

LOAD obj/libstm32.a
LOAD obj/startup_stm32g474xx.o
LOAD obj/main.o
LOAD obj/System.o
LOAD obj/SampleApplication.o
LOAD obj/ADCModule.o
LOAD obj/ButtonModule.o
LOAD obj/DisplayModule.o
LOAD obj/HAL.o
LOAD obj/LEDModule.o
LOAD obj/TimerModule.o
LOAD obj/UARTModule.o
LOAD obj/FaultHandler.o
LOAD obj/Scheduler.o
LOAD obj/SystemHandler.o
LOAD obj/SystemState.o
LOAD obj/Tasks.o
LOAD obj/GlobalObjects.o
LOAD obj/ADCValues.o
LOAD obj/Debounce.o
LOAD obj/LogOutput.o
LOAD obj/printf.o
LOAD obj/FilterEMA.o
LOAD obj/StateTable.o
START GROUP
LOAD /opt/gcc-arm-none-eabi/bin/../lib/gcc/arm-none-eabi/13.2.1/../../../../arm-none-eabi/lib/thumb/v7e-m/nofp/libc_nano.a
LOAD /opt/gcc-arm-none-eabi/bin/../lib/gcc/arm-none-eabi/13.2.1/thumb/v7e-m/nofp/libgcc.a
LOAD /opt/gcc-arm-none-eabi/bin/../lib/gcc/arm-none-eabi/13.2.1/../../../../arm-none-eabi/lib/thumb/v7e-m/nofp/libm.a
LOAD /opt/gcc-arm-none-eabi/bin/../lib/gcc/arm-none-eabi/13.2.1/../../../../arm-none-eabi/lib/thumb/v7e-m/nofp/libnosys.a
LOAD obj/libstm32.a
END GROUP
                0x00000200                        _size_of_stack = 0x200
                0x00000000                        _size_of_heap = 0x0
                0x2001fffc                        _end_of_ram = ((ORIGIN (RAM) + LENGTH (RAM)) - 0x4)

.isr_vector     0x08000000      0x1d8
                0x08000000                        . = ALIGN (0x4)
 *(.isr_vector)
 .isr_vector    0x08000000      0x1d8 obj/startup_stm32g474xx.o
                0x08000000                g_pfnVectors
                0x080001d8                        . = ALIGN (0x4)

.text           0x080001d8     0x684c
                0x080001d8                        . = ALIGN (0x4)
 *(.text)
 .text          0x080001d8       0x10 /opt/gcc-arm-none-eabi/bin/../lib/gcc/arm-none-eabi/13.2.1/../../../../arm-none-eabi/lib/thumb/v7e-m/nofp/libc_nano.a(libc_a-strlen.o)
                0x080001d8                strlen
 .text          0x080001e8       0x30 /opt/gcc-arm-none-eabi/bin/../lib/gcc/arm-none-eabi/13.2.1/thumb/v7e-m/nofp/libgcc.a(_aeabi_uldivmod.o)
                0x080001e8                __aeabi_uldivmod
 .text          0x08000218        0x4 /opt/gcc-arm-none-eabi/bin/../lib/gcc/arm-none-eabi/13.2.1/thumb/v7e-m/nofp/libgcc.a(_dvmd_tls.o)
                0x08000218                __aeabi_ldiv0
                0x08000218                __aeabi_idiv0
 *(.text*)
 .text.Reset_Handler
                0x0800021c       0x84 obj/startup_stm32g474xx.o
                0x0800021c                Reset_Handler
 .text.Default_Handler
                0x080002a0        0x2 obj/startup_stm32g474xx.o
                0x080002a0                RTC_Alarm_IRQHandler
                0x080002a0                EXTI2_IRQHandler
                0x080002a0                TIM8_TRG_COM_IRQHandler
                0x080002a0                TIM8_CC_IRQHandler
                0x080002a0                HRTIM1_Master_IRQHandler
                0x080002a0                SPI4_IRQHandler
                0x080002a0                FDCAN3_IT0_IRQHandler
                0x080002a0                TIM1_CC_IRQHandler
                0x080002a0                HRTIM1_FLT_IRQHandler
                0x080002a0                HRTIM1_TIMF_IRQHandler
                0x080002a0                USB_HP_IRQHandler
                0x080002a0                CORDIC_IRQHandler
                0x080002a0                HRTIM1_TIMD_IRQHandler
                0x080002a0                DMA2_Channel8_IRQHandler
                0x080002a0                EXTI3_IRQHandler
                0x080002a0                I2C3_ER_IRQHandler
                0x080002a0                EXTI0_IRQHandler
                0x080002a0                I2C2_EV_IRQHandler
                0x080002a0                FPU_IRQHandler
                0x080002a0                FDCAN1_IT1_IRQHandler
                0x080002a0                TIM1_UP_TIM16_IRQHandler
                0x080002a0                HRTIM1_TIME_IRQHandler
                0x080002a0                SPI1_IRQHandler
                0x080002a0                TIM6_DAC_IRQHandler
                0x080002a0                HRTIM1_TIMC_IRQHandler
                0x080002a0                TIM8_UP_IRQHandler
                0x080002a0                DMA2_Channel2_IRQHandler
                0x080002a0                DMA1_Channel4_IRQHandler
                0x080002a0                TIM20_TRG_COM_IRQHandler
                0x080002a0                USART3_IRQHandler
                0x080002a0                DMA1_Channel7_IRQHandler
                0x080002a0                UART5_IRQHandler
                0x080002a0                ADC3_IRQHandler
                0x080002a0                TIM4_IRQHandler
                0x080002a0                DMA2_Channel1_IRQHandler
                0x080002a0                QUADSPI_IRQHandler
                0x080002a0                I2C1_EV_IRQHandler
                0x080002a0                DMA1_Channel6_IRQHandler
                0x080002a0                UART4_IRQHandler
                0x080002a0                DMA2_Channel4_IRQHandler
                0x080002a0                RCC_IRQHandler
                0x080002a0                TIM20_UP_IRQHandler
                0x080002a0                Default_Handler
                0x080002a0                DMA2_Channel7_IRQHandler
                0x080002a0                RTC_TAMP_LSECSS_IRQHandler
                0x080002a0                FMAC_IRQHandler
                0x080002a0                EXTI15_10_IRQHandler
                0x080002a0                DMA1_Channel8_IRQHandler
                0x080002a0                HRTIM1_TIMA_IRQHandler
                0x080002a0                TIM7_DAC_IRQHandler
                0x080002a0                FDCAN3_IT1_IRQHandler
                0x080002a0                TIM5_IRQHandler
                0x080002a0                UCPD1_IRQHandler
                0x080002a0                I2C3_EV_IRQHandler
                0x080002a0                EXTI9_5_IRQHandler
                0x080002a0                RTC_WKUP_IRQHandler
                0x080002a0                PVD_PVM_IRQHandler
                0x080002a0                SPI2_IRQHandler
                0x080002a0                ADC5_IRQHandler
                0x080002a0                DMA2_Channel5_IRQHandler
                0x080002a0                CRS_IRQHandler
                0x080002a0                DMA1_Channel5_IRQHandler
                0x080002a0                USB_LP_IRQHandler
                0x080002a0                EXTI4_IRQHandler
                0x080002a0                RNG_IRQHandler
                0x080002a0                HRTIM1_TIMB_IRQHandler
                0x080002a0                TIM1_TRG_COM_TIM17_IRQHandler
                0x080002a0                FDCAN2_IT1_IRQHandler
                0x080002a0                DMA1_Channel3_IRQHandler
                0x080002a0                ADC4_IRQHandler
                0x080002a0                WWDG_IRQHandler
                0x080002a0                I2C4_EV_IRQHandler
                0x080002a0                FDCAN2_IT0_IRQHandler
                0x080002a0                LPUART1_IRQHandler
                0x080002a0                DMA2_Channel6_IRQHandler
                0x080002a0                FDCAN1_IT0_IRQHandler
                0x080002a0                TIM2_IRQHandler
                0x080002a0                COMP7_IRQHandler
                0x080002a0                COMP1_2_3_IRQHandler
                0x080002a0                EXTI1_IRQHandler
                0x080002a0                USART2_IRQHandler
                0x080002a0                COMP4_5_6_IRQHandler
                0x080002a0                TIM20_BRK_IRQHandler
                0x080002a0                I2C2_ER_IRQHandler
                0x080002a0                DMA1_Channel2_IRQHandler
                0x080002a0                TIM8_BRK_IRQHandler
                0x080002a0                FLASH_IRQHandler
                0x080002a0                TIM20_CC_IRQHandler
                0x080002a0                USART1_IRQHandler
                0x080002a0                SPI3_IRQHandler
                0x080002a0                I2C1_ER_IRQHandler
                0x080002a0                FMC_IRQHandler
                0x080002a0                LPTIM1_IRQHandler
                0x080002a0                DMAMUX_OVR_IRQHandler
                0x080002a0                I2C4_ER_IRQHandler
                0x080002a0                USBWakeUp_IRQHandler
                0x080002a0                SAI1_IRQHandler
                0x080002a0                DMA2_Channel3_IRQHandler
                0x080002a0                TIM1_BRK_TIM15_IRQHandler
 .text.main     0x080002a2        0xc obj/main.o
                0x080002a2                main
 .text.SystemInit
                0x080002ae        0xc obj/System.o
                0x080002ae                SystemInit
 .text.SystemClock_Config
                0x080002ba       0x98 obj/System.o
                0x080002ba                SystemClock_Config
 .text.Error_Handler
                0x08000352        0xc obj/System.o
                0x08000352                Error_Handler
 *fill*         0x0800035e        0x2 
 .text.sampleAppInitialize
                0x08000360       0x38 obj/SampleApplication.o
                0x08000360                sampleAppInitialize
 .text.sampleAppRun
                0x08000398       0x1c obj/SampleApplication.o
                0x08000398                sampleAppRun
 .text.sameplAppSendEvent
                0x080003b4       0x20 obj/SampleApplication.o
                0x080003b4                sameplAppSendEvent
 .text.onEntryStartup
                0x080003d4       0x1a obj/SampleApplication.o
 *fill*         0x080003ee        0x2 
 .text.onStateRunning
                0x080003f0       0xc8 obj/SampleApplication.o
 .text.onEntryEmergency
                0x080004b8       0x34 obj/SampleApplication.o
 .text.onStateEmergency
                0x080004ec       0x16 obj/SampleApplication.o
 .text.onExitRunning
                0x08000502       0x16 obj/SampleApplication.o
 .text.onEntryFailure
                0x08000518       0x1c obj/SampleApplication.o
 .text.adcInitialize
                0x08000534      0x19c obj/ADCModule.o
                0x08000534                adcInitialize
 .text.HAL_ADC_MspInit
                0x080006d0      0x114 obj/ADCModule.o
                0x080006d0                HAL_ADC_MspInit
 .text.adcReadChannelRaw
                0x080007e4       0x68 obj/ADCModule.o
                0x080007e4                adcReadChannelRaw
 .text.adcReadChannel
                0x0800084c       0x2a obj/ADCModule.o
                0x0800084c                adcReadChannel
 *fill*         0x08000876        0x2 
 .text.adcInitializeDMA
                0x08000878       0x54 obj/ADCModule.o
 .text.DMA1_Channel1_IRQHandler
                0x080008cc       0x14 obj/ADCModule.o
                0x080008cc                DMA1_Channel1_IRQHandler
 .text.ADC1_2_IRQHandler
                0x080008e0       0x14 obj/ADCModule.o
                0x080008e0                ADC1_2_IRQHandler
 .text.buttonInitialize
                0x080008f4       0xdc obj/ButtonModule.o
                0x080008f4                buttonInitialize
 .text.HAL_MspInit
                0x080009d0       0x48 obj/HAL.o
                0x080009d0                HAL_MspInit
 .text.ledInitialize
                0x08000a18      0x10c obj/LEDModule.o
                0x08000a18                ledInitialize
 .text.ledToggleLED
                0x08000b24       0x78 obj/LEDModule.o
                0x08000b24                ledToggleLED
 .text.ledSetLED
                0x08000b9c       0x90 obj/LEDModule.o
                0x08000b9c                ledSetLED
 .text.timerInitialize
                0x08000c2c       0xac obj/TimerModule.o
                0x08000c2c                timerInitialize
 .text.HAL_TIM_Base_MspInit
                0x08000cd8       0x4c obj/TimerModule.o
                0x08000cd8                HAL_TIM_Base_MspInit
 .text.TIM3_IRQHandler
                0x08000d24       0x20 obj/TimerModule.o
                0x08000d24                TIM3_IRQHandler
 .text.uartInitialize
                0x08000d44      0x130 obj/UARTModule.o
                0x08000d44                uartInitialize
 .text.uartSendData
                0x08000e74       0x3c obj/UARTModule.o
                0x08000e74                uartSendData
 .text.HardFault_Handler
                0x08000eb0        0x8 obj/FaultHandler.o
                0x08000eb0                HardFault_Handler
 .text.MemManage_Handler
                0x08000eb8        0x8 obj/FaultHandler.o
                0x08000eb8                MemManage_Handler
 .text.BusFault_Handler
                0x08000ec0        0x8 obj/FaultHandler.o
                0x08000ec0                BusFault_Handler
 .text.UsageFault_Handler
                0x08000ec8        0x8 obj/FaultHandler.o
                0x08000ec8                UsageFault_Handler
 .text.schedInitialize
                0x08000ed0       0x5c obj/Scheduler.o
                0x08000ed0                schedInitialize
 .text.schedCycle
                0x08000f2c      0x10e obj/Scheduler.o
                0x08000f2c                schedCycle
 .text.schedGetElapsedTime
                0x0800103a       0x1e obj/Scheduler.o
 .text.NMI_Handler
                0x08001058        0xc obj/SystemHandler.o
                0x08001058                NMI_Handler
 .text.SVC_Handler
                0x08001064        0xc obj/SystemHandler.o
                0x08001064                SVC_Handler
 .text.PendSV_Handler
                0x08001070        0xc obj/SystemHandler.o
                0x08001070                PendSV_Handler
 .text.SysTick_Handler
                0x0800107c        0xc obj/SystemHandler.o
                0x0800107c                SysTick_Handler
 .text.DebugMon_Handler
                0x08001088        0xc obj/SystemHandler.o
                0x08001088                DebugMon_Handler
 .text.initializePeripherals
                0x08001094       0x22 obj/SystemState.o
 *fill*         0x080010b6        0x2 
 .text.initializeSystemState
                0x080010b8       0x18 obj/SystemState.o
                0x080010b8                initializeSystemState
 .text.performStartup
                0x080010d0       0x68 obj/SystemState.o
 .text.performStartupTransition
                0x08001138       0x2c obj/SystemState.o
 .text.performRunningState
                0x08001164       0x14 obj/SystemState.o
 .text.SafeState
                0x08001178       0x18 obj/SystemState.o
 .text.CycleStateMachine
                0x08001190       0x48 obj/SystemState.o
                0x08001190                CycleStateMachine
 .text.myTask1ms
                0x080011d8        0xc obj/Tasks.o
                0x080011d8                myTask1ms
 .text.myTask10ms
                0x080011e4        0xc obj/Tasks.o
                0x080011e4                myTask10ms
 .text.myTask100ms
                0x080011f0        0xc obj/Tasks.o
                0x080011f0                myTask100ms
 .text.myTask250ms
                0x080011fc        0xc obj/Tasks.o
                0x080011fc                myTask250ms
 .text.myTask1000ms
                0x08001208        0xc obj/Tasks.o
                0x08001208                myTask1000ms
 .text.initFilters
                0x08001214       0x28 obj/ADCValues.o
                0x08001214                initFilters
 .text.filteredChannel1
                0x0800123c       0x28 obj/ADCValues.o
                0x0800123c                filteredChannel1
 .text.filteredChannel2
                0x08001264       0x28 obj/ADCValues.o
                0x08001264                filteredChannel2
 .text.outputLog
                0x0800128c       0x22 obj/LogOutput.o
                0x0800128c                outputLog
 .text.filterInitEMA
                0x080012ae       0x56 obj/FilterEMA.o
                0x080012ae                filterInitEMA
 .text.filterResetEMA
                0x08001304       0x2c obj/FilterEMA.o
                0x08001304                filterResetEMA
 .text.filterEMA
                0x08001330       0x60 obj/FilterEMA.o
                0x08001330                filterEMA
 .text.stateTableInitialize
                0x08001390       0xdc obj/StateTable.o
                0x08001390                stateTableInitialize
 .text.stateTableRunCyclic
                0x0800146c      0x118 obj/StateTable.o
                0x0800146c                stateTableRunCyclic
 .text.stateTableSendEvent
                0x08001584       0x36 obj/StateTable.o
                0x08001584                stateTableSendEvent
 .text.stateTableFindState
                0x080015ba       0x60 obj/StateTable.o
 .text.memset   0x0800161a       0x10 /opt/gcc-arm-none-eabi/bin/../lib/gcc/arm-none-eabi/13.2.1/../../../../arm-none-eabi/lib/thumb/v7e-m/nofp/libc_nano.a(libc_a-memset.o)
                0x0800161a                memset
 *fill*         0x0800162a        0x2 
 .text.__udivmoddi4
                0x0800162c      0x2bc /opt/gcc-arm-none-eabi/bin/../lib/gcc/arm-none-eabi/13.2.1/thumb/v7e-m/nofp/libgcc.a(_udivmoddi4.o)
                0x0800162c                __udivmoddi4
 .text.LL_ADC_SetCommonClock
                0x080018e8       0x24 obj/libstm32.a(stm32g4xx_hal_adc.o)
 .text.LL_ADC_SetCommonPathInternalCh
                0x0800190c       0x24 obj/libstm32.a(stm32g4xx_hal_adc.o)
 .text.LL_ADC_GetCommonPathInternalCh
                0x08001930       0x1a obj/libstm32.a(stm32g4xx_hal_adc.o)
 *fill*         0x0800194a        0x2 
 .text.LL_ADC_SetOffset
                0x0800194c       0x48 obj/libstm32.a(stm32g4xx_hal_adc.o)
 .text.LL_ADC_GetOffsetChannel
                0x08001994       0x2a obj/libstm32.a(stm32g4xx_hal_adc.o)
 .text.LL_ADC_SetOffsetState
                0x080019be       0x34 obj/libstm32.a(stm32g4xx_hal_adc.o)
 .text.LL_ADC_SetOffsetSign
                0x080019f2       0x34 obj/libstm32.a(stm32g4xx_hal_adc.o)
 .text.LL_ADC_SetOffsetSaturation
                0x08001a26       0x34 obj/libstm32.a(stm32g4xx_hal_adc.o)
 .text.LL_ADC_SetSamplingTimeCommonConfig
                0x08001a5a       0x24 obj/libstm32.a(stm32g4xx_hal_adc.o)
 .text.LL_ADC_REG_IsTriggerSourceSWStart
                0x08001a7e       0x24 obj/libstm32.a(stm32g4xx_hal_adc.o)
 .text.LL_ADC_REG_SetSequencerRanks
                0x08001aa2       0x56 obj/libstm32.a(stm32g4xx_hal_adc.o)
 .text.LL_ADC_INJ_IsTriggerSourceSWStart
                0x08001af8       0x24 obj/libstm32.a(stm32g4xx_hal_adc.o)
 .text.LL_ADC_SetChannelSamplingTime
                0x08001b1c       0x54 obj/libstm32.a(stm32g4xx_hal_adc.o)
 .text.LL_ADC_SetChannelSingleDiff
                0x08001b70       0x44 obj/libstm32.a(stm32g4xx_hal_adc.o)
 .text.LL_ADC_GetMultimode
                0x08001bb4       0x1a obj/libstm32.a(stm32g4xx_hal_adc.o)
 .text.LL_ADC_GetMultiDMATransfer
                0x08001bce       0x1a obj/libstm32.a(stm32g4xx_hal_adc.o)
 .text.LL_ADC_DisableDeepPowerDown
                0x08001be8       0x22 obj/libstm32.a(stm32g4xx_hal_adc.o)
 .text.LL_ADC_IsDeepPowerDownEnabled
                0x08001c0a       0x26 obj/libstm32.a(stm32g4xx_hal_adc.o)
 .text.LL_ADC_EnableInternalRegulator
                0x08001c30       0x26 obj/libstm32.a(stm32g4xx_hal_adc.o)
 .text.LL_ADC_IsInternalRegulatorEnabled
                0x08001c56       0x26 obj/libstm32.a(stm32g4xx_hal_adc.o)
 .text.LL_ADC_Enable
                0x08001c7c       0x26 obj/libstm32.a(stm32g4xx_hal_adc.o)
 .text.LL_ADC_Disable
                0x08001ca2       0x26 obj/libstm32.a(stm32g4xx_hal_adc.o)
 .text.LL_ADC_IsEnabled
                0x08001cc8       0x24 obj/libstm32.a(stm32g4xx_hal_adc.o)
 .text.LL_ADC_IsDisableOngoing
                0x08001cec       0x24 obj/libstm32.a(stm32g4xx_hal_adc.o)
 .text.LL_ADC_REG_StartConversion
                0x08001d10       0x26 obj/libstm32.a(stm32g4xx_hal_adc.o)
 .text.LL_ADC_REG_IsConversionOngoing
                0x08001d36       0x24 obj/libstm32.a(stm32g4xx_hal_adc.o)
 .text.LL_ADC_INJ_IsConversionOngoing
                0x08001d5a       0x24 obj/libstm32.a(stm32g4xx_hal_adc.o)
 *fill*         0x08001d7e        0x2 
 .text.HAL_ADC_Init
                0x08001d80      0x384 obj/libstm32.a(stm32g4xx_hal_adc.o)
                0x08001d80                HAL_ADC_Init
 .text.HAL_ADC_Start_DMA
                0x08002104      0x19c obj/libstm32.a(stm32g4xx_hal_adc.o)
                0x08002104                HAL_ADC_Start_DMA
 .text.HAL_ADC_IRQHandler
                0x080022a0      0x4c0 obj/libstm32.a(stm32g4xx_hal_adc.o)
                0x080022a0                HAL_ADC_IRQHandler
 .text.HAL_ADC_ConvCpltCallback
                0x08002760       0x12 obj/libstm32.a(stm32g4xx_hal_adc.o)
                0x08002760                HAL_ADC_ConvCpltCallback
 .text.HAL_ADC_ConvHalfCpltCallback
                0x08002772       0x12 obj/libstm32.a(stm32g4xx_hal_adc.o)
                0x08002772                HAL_ADC_ConvHalfCpltCallback
 .text.HAL_ADC_LevelOutOfWindowCallback
                0x08002784       0x12 obj/libstm32.a(stm32g4xx_hal_adc.o)
                0x08002784                HAL_ADC_LevelOutOfWindowCallback
 .text.HAL_ADC_ErrorCallback
                0x08002796       0x12 obj/libstm32.a(stm32g4xx_hal_adc.o)
                0x08002796                HAL_ADC_ErrorCallback
 .text.HAL_ADC_ConfigChannel
                0x080027a8      0x880 obj/libstm32.a(stm32g4xx_hal_adc.o)
                0x080027a8                HAL_ADC_ConfigChannel
 .text.ADC_Enable
                0x08003028       0xc4 obj/libstm32.a(stm32g4xx_hal_adc.o)
                0x08003028                ADC_Enable
 .text.ADC_Disable
                0x080030ec       0xbe obj/libstm32.a(stm32g4xx_hal_adc.o)
                0x080030ec                ADC_Disable
 .text.ADC_DMAConvCplt
                0x080031aa       0xd8 obj/libstm32.a(stm32g4xx_hal_adc.o)
                0x080031aa                ADC_DMAConvCplt
 .text.ADC_DMAHalfConvCplt
                0x08003282       0x1c obj/libstm32.a(stm32g4xx_hal_adc.o)
                0x08003282                ADC_DMAHalfConvCplt
 .text.ADC_DMAError
                0x0800329e       0x34 obj/libstm32.a(stm32g4xx_hal_adc.o)
                0x0800329e                ADC_DMAError
 .text.LL_ADC_IsEnabled
                0x080032d2       0x24 obj/libstm32.a(stm32g4xx_hal_adc_ex.o)
 .text.LL_ADC_StartCalibration
                0x080032f6       0x30 obj/libstm32.a(stm32g4xx_hal_adc_ex.o)
 .text.LL_ADC_IsCalibrationOnGoing
                0x08003326       0x26 obj/libstm32.a(stm32g4xx_hal_adc_ex.o)
 .text.LL_ADC_REG_IsConversionOngoing
                0x0800334c       0x24 obj/libstm32.a(stm32g4xx_hal_adc_ex.o)
 .text.HAL_ADCEx_Calibration_Start
                0x08003370       0xc4 obj/libstm32.a(stm32g4xx_hal_adc_ex.o)
                0x08003370                HAL_ADCEx_Calibration_Start
 .text.HAL_ADCEx_InjectedConvCpltCallback
                0x08003434       0x12 obj/libstm32.a(stm32g4xx_hal_adc_ex.o)
                0x08003434                HAL_ADCEx_InjectedConvCpltCallback
 .text.HAL_ADCEx_InjectedQueueOverflowCallback
                0x08003446       0x12 obj/libstm32.a(stm32g4xx_hal_adc_ex.o)
                0x08003446                HAL_ADCEx_InjectedQueueOverflowCallback
 .text.HAL_ADCEx_LevelOutOfWindow2Callback
                0x08003458       0x12 obj/libstm32.a(stm32g4xx_hal_adc_ex.o)
                0x08003458                HAL_ADCEx_LevelOutOfWindow2Callback
 .text.HAL_ADCEx_LevelOutOfWindow3Callback
                0x0800346a       0x12 obj/libstm32.a(stm32g4xx_hal_adc_ex.o)
                0x0800346a                HAL_ADCEx_LevelOutOfWindow3Callback
 .text.HAL_ADCEx_EndOfSamplingCallback
                0x0800347c       0x12 obj/libstm32.a(stm32g4xx_hal_adc_ex.o)
                0x0800347c                HAL_ADCEx_EndOfSamplingCallback
 *fill*         0x0800348e        0x2 
 .text.HAL_ADCEx_MultiModeConfigChannel
                0x08003490      0x210 obj/libstm32.a(stm32g4xx_hal_adc_ex.o)
                0x08003490                HAL_ADCEx_MultiModeConfigChannel
 .text.HAL_Init
                0x080036a0       0x30 obj/libstm32.a(stm32g4xx_hal.o)
                0x080036a0                HAL_Init
 .text.HAL_InitTick
                0x080036d0       0x74 obj/libstm32.a(stm32g4xx_hal.o)
                0x080036d0                HAL_InitTick
 .text.HAL_IncTick
                0x08003744       0x24 obj/libstm32.a(stm32g4xx_hal.o)
                0x08003744                HAL_IncTick
 .text.HAL_GetTick
                0x08003768       0x14 obj/libstm32.a(stm32g4xx_hal.o)
                0x08003768                HAL_GetTick
 .text.__NVIC_SetPriorityGrouping
                0x0800377c       0x48 obj/libstm32.a(stm32g4xx_hal_cortex.o)
 .text.__NVIC_GetPriorityGrouping
                0x080037c4       0x1c obj/libstm32.a(stm32g4xx_hal_cortex.o)
 .text.__NVIC_EnableIRQ
                0x080037e0       0x38 obj/libstm32.a(stm32g4xx_hal_cortex.o)
 .text.__NVIC_SetPriority
                0x08003818       0x54 obj/libstm32.a(stm32g4xx_hal_cortex.o)
 .text.NVIC_EncodePriority
                0x0800386c       0x64 obj/libstm32.a(stm32g4xx_hal_cortex.o)
 .text.SysTick_Config
                0x080038d0       0x44 obj/libstm32.a(stm32g4xx_hal_cortex.o)
 .text.HAL_NVIC_SetPriorityGrouping
                0x08003914       0x16 obj/libstm32.a(stm32g4xx_hal_cortex.o)
                0x08003914                HAL_NVIC_SetPriorityGrouping
 .text.HAL_NVIC_SetPriority
                0x0800392a       0x34 obj/libstm32.a(stm32g4xx_hal_cortex.o)
                0x0800392a                HAL_NVIC_SetPriority
 .text.HAL_NVIC_EnableIRQ
                0x0800395e       0x1c obj/libstm32.a(stm32g4xx_hal_cortex.o)
                0x0800395e                HAL_NVIC_EnableIRQ
 .text.HAL_SYSTICK_Config
                0x0800397a       0x18 obj/libstm32.a(stm32g4xx_hal_cortex.o)
                0x0800397a                HAL_SYSTICK_Config
 *fill*         0x08003992        0x2 
 .text.HAL_DMA_Init
                0x08003994      0x150 obj/libstm32.a(stm32g4xx_hal_dma.o)
                0x08003994                HAL_DMA_Init
 .text.HAL_DMA_Start_IT
                0x08003ae4       0xf6 obj/libstm32.a(stm32g4xx_hal_dma.o)
                0x08003ae4                HAL_DMA_Start_IT
 .text.HAL_DMA_IRQHandler
                0x08003bda      0x15e obj/libstm32.a(stm32g4xx_hal_dma.o)
                0x08003bda                HAL_DMA_IRQHandler
 .text.DMA_SetConfig
                0x08003d38       0x7a obj/libstm32.a(stm32g4xx_hal_dma.o)
 *fill*         0x08003db2        0x2 
 .text.DMA_CalcDMAMUXChannelBaseAndMask
                0x08003db4       0x78 obj/libstm32.a(stm32g4xx_hal_dma.o)
 .text.DMA_CalcDMAMUXRequestGenBaseAndMask
                0x08003e2c       0x48 obj/libstm32.a(stm32g4xx_hal_dma.o)
 .text.HAL_GPIO_Init
                0x08003e74      0x304 obj/libstm32.a(stm32g4xx_hal_gpio.o)
                0x08003e74                HAL_GPIO_Init
 .text.HAL_GPIO_WritePin
                0x08004178       0x2e obj/libstm32.a(stm32g4xx_hal_gpio.o)
                0x08004178                HAL_GPIO_WritePin
 .text.HAL_GPIO_TogglePin
                0x080041a6       0x32 obj/libstm32.a(stm32g4xx_hal_gpio.o)
                0x080041a6                HAL_GPIO_TogglePin
 .text.HAL_PWREx_ControlVoltageScaling
                0x080041d8      0x148 obj/libstm32.a(stm32g4xx_hal_pwr_ex.o)
                0x080041d8                HAL_PWREx_ControlVoltageScaling
 .text.HAL_PWREx_DisableUCPDDeadBattery
                0x08004320       0x1c obj/libstm32.a(stm32g4xx_hal_pwr_ex.o)
                0x08004320                HAL_PWREx_DisableUCPDDeadBattery
 .text.HAL_RCC_OscConfig
                0x0800433c      0x630 obj/libstm32.a(stm32g4xx_hal_rcc.o)
                0x0800433c                HAL_RCC_OscConfig
 .text.HAL_RCC_ClockConfig
                0x0800496c      0x278 obj/libstm32.a(stm32g4xx_hal_rcc.o)
                0x0800496c                HAL_RCC_ClockConfig
 .text.HAL_RCC_GetSysClockFreq
                0x08004be4       0xc0 obj/libstm32.a(stm32g4xx_hal_rcc.o)
                0x08004be4                HAL_RCC_GetSysClockFreq
 .text.HAL_RCC_GetHCLKFreq
                0x08004ca4       0x14 obj/libstm32.a(stm32g4xx_hal_rcc.o)
                0x08004ca4                HAL_RCC_GetHCLKFreq
 .text.HAL_RCC_GetPCLK1Freq
                0x08004cb8       0x2c obj/libstm32.a(stm32g4xx_hal_rcc.o)
                0x08004cb8                HAL_RCC_GetPCLK1Freq
 .text.HAL_RCC_GetPCLK2Freq
                0x08004ce4       0x2c obj/libstm32.a(stm32g4xx_hal_rcc.o)
                0x08004ce4                HAL_RCC_GetPCLK2Freq
 .text.RCC_GetSysClockFreqFromPLLSource
                0x08004d10       0x8c obj/libstm32.a(stm32g4xx_hal_rcc.o)
 .text.HAL_RCCEx_PeriphCLKConfig
                0x08004d9c      0x49c obj/libstm32.a(stm32g4xx_hal_rcc_ex.o)
                0x08004d9c                HAL_RCCEx_PeriphCLKConfig
 .text.HAL_TIM_Base_Init
                0x08005238       0xae obj/libstm32.a(stm32g4xx_hal_tim.o)
                0x08005238                HAL_TIM_Base_Init
 *fill*         0x080052e6        0x2 
 .text.HAL_TIM_Base_Start_IT
                0x080052e8       0xec obj/libstm32.a(stm32g4xx_hal_tim.o)
                0x080052e8                HAL_TIM_Base_Start_IT
 .text.HAL_TIM_IRQHandler
                0x080053d4      0x2fe obj/libstm32.a(stm32g4xx_hal_tim.o)
                0x080053d4                HAL_TIM_IRQHandler
 *fill*         0x080056d2        0x2 
 .text.HAL_TIM_ConfigClockSource
                0x080056d4      0x224 obj/libstm32.a(stm32g4xx_hal_tim.o)
                0x080056d4                HAL_TIM_ConfigClockSource
 .text.HAL_TIM_PeriodElapsedCallback
                0x080058f8       0x12 obj/libstm32.a(stm32g4xx_hal_tim.o)
                0x080058f8                HAL_TIM_PeriodElapsedCallback
 .text.HAL_TIM_OC_DelayElapsedCallback
                0x0800590a       0x12 obj/libstm32.a(stm32g4xx_hal_tim.o)
                0x0800590a                HAL_TIM_OC_DelayElapsedCallback
 .text.HAL_TIM_IC_CaptureCallback
                0x0800591c       0x12 obj/libstm32.a(stm32g4xx_hal_tim.o)
                0x0800591c                HAL_TIM_IC_CaptureCallback
 .text.HAL_TIM_PWM_PulseFinishedCallback
                0x0800592e       0x12 obj/libstm32.a(stm32g4xx_hal_tim.o)
                0x0800592e                HAL_TIM_PWM_PulseFinishedCallback
 .text.HAL_TIM_TriggerCallback
                0x08005940       0x12 obj/libstm32.a(stm32g4xx_hal_tim.o)
                0x08005940                HAL_TIM_TriggerCallback
 *fill*         0x08005952        0x2 
 .text.TIM_Base_SetConfig
                0x08005954      0x14c obj/libstm32.a(stm32g4xx_hal_tim.o)
                0x08005954                TIM_Base_SetConfig
 .text.TIM_TI1_ConfigInputStage
                0x08005aa0       0x5c obj/libstm32.a(stm32g4xx_hal_tim.o)
 .text.TIM_TI2_ConfigInputStage
                0x08005afc       0x5e obj/libstm32.a(stm32g4xx_hal_tim.o)
 .text.TIM_ITRx_SetConfig
                0x08005b5a       0x38 obj/libstm32.a(stm32g4xx_hal_tim.o)
 .text.TIM_ETR_SetConfig
                0x08005b92       0x3e obj/libstm32.a(stm32g4xx_hal_tim.o)
                0x08005b92                TIM_ETR_SetConfig
 .text.HAL_TIMEx_MasterConfigSynchronization
                0x08005bd0      0x128 obj/libstm32.a(stm32g4xx_hal_tim_ex.o)
                0x08005bd0                HAL_TIMEx_MasterConfigSynchronization
 .text.HAL_TIMEx_CommutCallback
                0x08005cf8       0x12 obj/libstm32.a(stm32g4xx_hal_tim_ex.o)
                0x08005cf8                HAL_TIMEx_CommutCallback
 .text.HAL_TIMEx_BreakCallback
                0x08005d0a       0x12 obj/libstm32.a(stm32g4xx_hal_tim_ex.o)
                0x08005d0a                HAL_TIMEx_BreakCallback
 .text.HAL_TIMEx_Break2Callback
                0x08005d1c       0x12 obj/libstm32.a(stm32g4xx_hal_tim_ex.o)
                0x08005d1c                HAL_TIMEx_Break2Callback
 .text.HAL_TIMEx_EncoderIndexCallback
                0x08005d2e       0x12 obj/libstm32.a(stm32g4xx_hal_tim_ex.o)
                0x08005d2e                HAL_TIMEx_EncoderIndexCallback
 .text.HAL_TIMEx_DirectionChangeCallback
                0x08005d40       0x12 obj/libstm32.a(stm32g4xx_hal_tim_ex.o)
                0x08005d40                HAL_TIMEx_DirectionChangeCallback
 .text.HAL_TIMEx_IndexErrorCallback
                0x08005d52       0x12 obj/libstm32.a(stm32g4xx_hal_tim_ex.o)
                0x08005d52                HAL_TIMEx_IndexErrorCallback
 .text.HAL_TIMEx_TransitionErrorCallback
                0x08005d64       0x12 obj/libstm32.a(stm32g4xx_hal_tim_ex.o)
                0x08005d64                HAL_TIMEx_TransitionErrorCallback
 .text.HAL_UART_Init
                0x08005d76       0xa0 obj/libstm32.a(stm32g4xx_hal_uart.o)
                0x08005d76                HAL_UART_Init
 .text.HAL_UART_MspInit
                0x08005e16       0x12 obj/libstm32.a(stm32g4xx_hal_uart.o)
                0x08005e16                HAL_UART_MspInit
 .text.HAL_UART_Transmit
                0x08005e28      0x12c obj/libstm32.a(stm32g4xx_hal_uart.o)
                0x08005e28                HAL_UART_Transmit
 .text.UART_SetConfig
                0x08005f54      0x5f8 obj/libstm32.a(stm32g4xx_hal_uart.o)
                0x08005f54                UART_SetConfig
 .text.UART_AdvFeatureConfig
                0x0800654c      0x142 obj/libstm32.a(stm32g4xx_hal_uart.o)
                0x0800654c                UART_AdvFeatureConfig
 .text.UART_CheckIdleState
                0x0800668e       0x96 obj/libstm32.a(stm32g4xx_hal_uart.o)
                0x0800668e                UART_CheckIdleState
 .text.UART_WaitOnFlagUntilTimeout
                0x08006724      0x100 obj/libstm32.a(stm32g4xx_hal_uart.o)
                0x08006724                UART_WaitOnFlagUntilTimeout
 .text.HAL_UARTEx_DisableFifoMode
                0x08006824       0x70 obj/libstm32.a(stm32g4xx_hal_uart_ex.o)
                0x08006824                HAL_UARTEx_DisableFifoMode
 .text.HAL_UARTEx_SetTxFifoThreshold
                0x08006894       0x7c obj/libstm32.a(stm32g4xx_hal_uart_ex.o)
                0x08006894                HAL_UARTEx_SetTxFifoThreshold
 .text.HAL_UARTEx_SetRxFifoThreshold
                0x08006910       0x7c obj/libstm32.a(stm32g4xx_hal_uart_ex.o)
                0x08006910                HAL_UARTEx_SetRxFifoThreshold
 .text.UARTEx_SetNbDataToProcess
                0x0800698c       0x98 obj/libstm32.a(stm32g4xx_hal_uart_ex.o)
 *(.glue_7)
 .glue_7        0x08006a24        0x0 linker stubs
 *(.glue_7t)
 .glue_7t       0x08006a24        0x0 linker stubs
 *(.eh_frame)
 *(.init)
 *(.fini)
                0x08006a24                        . = ALIGN (0x4)
                0x08006a24                        _etext = .

.vfp11_veneer   0x08006a24        0x0
 .vfp11_veneer  0x08006a24        0x0 linker stubs

.v4_bx          0x08006a24        0x0
 .v4_bx         0x08006a24        0x0 linker stubs

.iplt           0x08006a24        0x0
 .iplt          0x08006a24        0x0 obj/startup_stm32g474xx.o

.rodata         0x08006a24       0x4c
                0x08006a24                        . = ALIGN (0x4)
 *(.rodata)
 .rodata        0x08006a24        0xb obj/SampleApplication.o
 *(.rodata*)
 *fill*         0x08006a2f        0x1 
 .rodata.AHBPrescTable
                0x08006a30       0x10 obj/System.o
                0x08006a30                AHBPrescTable
 .rodata.APBPrescTable
                0x08006a40        0x8 obj/System.o
                0x08006a40                APBPrescTable
 .rodata.UARTPrescTable
                0x08006a48       0x18 obj/libstm32.a(stm32g4xx_hal_uart.o)
                0x08006a48                UARTPrescTable
 .rodata.numerator.1
                0x08006a60        0x8 obj/libstm32.a(stm32g4xx_hal_uart_ex.o)
 .rodata.denominator.0
                0x08006a68        0x8 obj/libstm32.a(stm32g4xx_hal_uart_ex.o)
                0x08006a70                        . = ALIGN (0x4)

.ARM.extab
 *(.ARM.extab* .gnu.linkonce.armextab.*)

.ARM            0x08006a70        0x8
                0x08006a70                        __exidx_start = .
 *(.ARM.exidx*)
 .ARM.exidx     0x08006a70        0x8 /opt/gcc-arm-none-eabi/bin/../lib/gcc/arm-none-eabi/13.2.1/../../../../arm-none-eabi/lib/thumb/v7e-m/nofp/libc_nano.a(libc_a-strlen.o)
 .ARM.exidx.text.__udivmoddi4
                0x08006a78        0x0 /opt/gcc-arm-none-eabi/bin/../lib/gcc/arm-none-eabi/13.2.1/thumb/v7e-m/nofp/libgcc.a(_udivmoddi4.o)
                                  0x8 (size before relaxing)
                0x08006a78                        __exidx_end = .

.rel.dyn        0x08006a78        0x0
 .rel.iplt      0x08006a78        0x0 obj/startup_stm32g474xx.o

.preinit_array  0x08006a78        0x0
                [!provide]                        PROVIDE (__preinit_array_start = .)
 *(.preinit_array*)
                [!provide]                        PROVIDE (__preinit_array_end = .)

.init_array     0x08006a78        0x0
                [!provide]                        PROVIDE (__init_array_start = .)
 *(SORT_BY_NAME(.init_array.*))
 *(.init_array*)
                [!provide]                        PROVIDE (__init_array_end = .)

.fini_array     0x08006a78        0x0
                [!provide]                        PROVIDE (__fini_array_start = .)
 *(SORT_BY_NAME(.fini_array.*))
 *(.fini_array*)
                [!provide]                        PROVIDE (__fini_array_end = .)
                0x08006a78                        _sidata = LOADADDR (.data)

.data           0x20000000      0x130 load address 0x08006a78
                0x20000000                        . = ALIGN (0x4)
                0x20000000                        _sdata = .
 *(.data)
 *(.data*)
 .data.SystemCoreClock
                0x20000000        0x4 obj/System.o
                0x20000000                SystemCoreClock
 .data.gStateList
                0x20000004       0x64 obj/SampleApplication.o
 .data.gStateTableEntries
                0x20000068       0xc0 obj/SampleApplication.o
 .data.uwTickPrio
                0x20000128        0x4 obj/libstm32.a(stm32g4xx_hal.o)
                0x20000128                uwTickPrio
 .data.uwTickFreq
                0x2000012c        0x4 obj/libstm32.a(stm32g4xx_hal.o)
                0x2000012c                uwTickFreq
                0x20000130                        . = ALIGN (0x4)
                0x20000130                        _edata = .

.igot.plt       0x20000130        0x0 load address 0x08006ba8
 .igot.plt      0x20000130        0x0 obj/startup_stm32g474xx.o
                0x20000130                        . = ALIGN (0x4)

.bss            0x20000130      0x230 load address 0x08006ba8
                0x20000130                        _sbss = .
                0x20000130                        __bss_start__ = _sbss
 *(.bss)
 *(.bss*)
 .bss.gStateTable
                0x20000130       0x20 obj/SampleApplication.o
 .bss.gADCHandle
                0x20000150       0x6c obj/ADCModule.o
 .bss.gDMA_ADC_Handle
                0x200001bc       0x60 obj/ADCModule.o
 .bss.gADCValues
                0x2000021c       0x14 obj/ADCModule.o
 .bss.gTimer3Handle
                0x20000230       0x4c obj/TimerModule.o
 .bss.gUARTHandle
                0x2000027c       0x90 obj/UARTModule.o
 .bss.gSystemState
                0x2000030c        0x4 obj/SystemState.o
                0x2000030c                gSystemState
 .bss.myScheduler
                0x20000310       0x2c obj/SystemState.o
                0x20000310                myScheduler
 .bss.Input_Pot1
                0x2000033c       0x10 obj/ADCValues.o
                0x2000033c                Input_Pot1
 .bss.Input_Pot2
                0x2000034c       0x10 obj/ADCValues.o
                0x2000034c                Input_Pot2
 .bss.uwTick    0x2000035c        0x4 obj/libstm32.a(stm32g4xx_hal.o)
                0x2000035c                uwTick
 *(COMMON)
                0x20000360                        . = ALIGN (0x4)
                0x20000360                        _ebss = .
                0x20000360                        __bss_end__ = _ebss
                0x20000360                        . = ALIGN (0x4)

.heap           0x20000360        0x0 load address 0x08006ba8
                0x20000360                        _start_of_heap = .
                0x20000360                        . = (. + _size_of_heap)
                0x20000360                        . = ALIGN (0x4)
                0x20000360                        _end_of_heap = .

.stack          0x20000360    0x1fca0 load address 0x08006ba8
                0x2001fdfc                        . = (ABSOLUTE (_end_of_ram) - _size_of_stack)
 *fill*         0x20000360    0x1fa9c 
                0x2001fe00                        . = ALIGN (0x8)
 *fill*         0x2001fdfc        0x4 
                0x2001fe00                        _top_of_stack = .
                0x20020000                        . = (. + _size_of_stack)
 *fill*         0x2001fe00      0x200 
                0x20020000                        . = ALIGN (0x8)
                0x20020000                        _initial_stack_pointer = .
                0x2001fffc                        _bottom_of_stack = (_initial_stack_pointer - 0x4)

/DISCARD/
 libc.a(*)
 libm.a(*)
 libgcc.a(*)

.ARM.attributes
                0x00000000       0x2f
 *(.ARM.attributes)
 .ARM.attributes
                0x00000000       0x21 obj/startup_stm32g474xx.o
 .ARM.attributes
                0x00000021       0x2e obj/main.o
 .ARM.attributes
                0x0000004f       0x2e obj/System.o
 .ARM.attributes
                0x0000007d       0x2e obj/SampleApplication.o
 .ARM.attributes
                0x000000ab       0x2e obj/ADCModule.o
 .ARM.attributes
                0x000000d9       0x2e obj/ButtonModule.o
 .ARM.attributes
                0x00000107       0x2e obj/HAL.o
 .ARM.attributes
                0x00000135       0x2e obj/LEDModule.o
 .ARM.attributes
                0x00000163       0x2e obj/TimerModule.o
 .ARM.attributes
                0x00000191       0x2e obj/UARTModule.o
 .ARM.attributes
                0x000001bf       0x2e obj/FaultHandler.o
 .ARM.attributes
                0x000001ed       0x2e obj/Scheduler.o
 .ARM.attributes
                0x0000021b       0x2e obj/SystemHandler.o
 .ARM.attributes
                0x00000249       0x2e obj/SystemState.o
 .ARM.attributes
                0x00000277       0x2e obj/Tasks.o
 .ARM.attributes
                0x000002a5       0x2e obj/ADCValues.o
 .ARM.attributes
                0x000002d3       0x2e obj/LogOutput.o
 .ARM.attributes
                0x00000301       0x2e obj/FilterEMA.o
 .ARM.attributes
                0x0000032f       0x2e obj/StateTable.o
 .ARM.attributes
                0x0000035d       0x17 /opt/gcc-arm-none-eabi/bin/../lib/gcc/arm-none-eabi/13.2.1/../../../../arm-none-eabi/lib/thumb/v7e-m/nofp/libc_nano.a(libc_a-strlen.o)
 .ARM.attributes
                0x00000374       0x2e /opt/gcc-arm-none-eabi/bin/../lib/gcc/arm-none-eabi/13.2.1/../../../../arm-none-eabi/lib/thumb/v7e-m/nofp/libc_nano.a(libc_a-memset.o)
 .ARM.attributes
                0x000003a2       0x1e /opt/gcc-arm-none-eabi/bin/../lib/gcc/arm-none-eabi/13.2.1/thumb/v7e-m/nofp/libgcc.a(_aeabi_uldivmod.o)
 .ARM.attributes
                0x000003c0       0x2e /opt/gcc-arm-none-eabi/bin/../lib/gcc/arm-none-eabi/13.2.1/thumb/v7e-m/nofp/libgcc.a(_udivmoddi4.o)
 .ARM.attributes
                0x000003ee       0x1e /opt/gcc-arm-none-eabi/bin/../lib/gcc/arm-none-eabi/13.2.1/thumb/v7e-m/nofp/libgcc.a(_dvmd_tls.o)
 .ARM.attributes
                0x0000040c       0x2e obj/libstm32.a(stm32g4xx_hal_adc.o)
 .ARM.attributes
                0x0000043a       0x2e obj/libstm32.a(stm32g4xx_hal_adc_ex.o)
 .ARM.attributes
                0x00000468       0x2e obj/libstm32.a(stm32g4xx_hal.o)
 .ARM.attributes
                0x00000496       0x2e obj/libstm32.a(stm32g4xx_hal_cortex.o)
 .ARM.attributes
                0x000004c4       0x2e obj/libstm32.a(stm32g4xx_hal_dma.o)
 .ARM.attributes
                0x000004f2       0x2e obj/libstm32.a(stm32g4xx_hal_gpio.o)
 .ARM.attributes
                0x00000520       0x2e obj/libstm32.a(stm32g4xx_hal_pwr_ex.o)
 .ARM.attributes
                0x0000054e       0x2e obj/libstm32.a(stm32g4xx_hal_rcc.o)
 .ARM.attributes
                0x0000057c       0x2e obj/libstm32.a(stm32g4xx_hal_rcc_ex.o)
 .ARM.attributes
                0x000005aa       0x2e obj/libstm32.a(stm32g4xx_hal_tim.o)
 .ARM.attributes
                0x000005d8       0x2e obj/libstm32.a(stm32g4xx_hal_tim_ex.o)
 .ARM.attributes
                0x00000606       0x2e obj/libstm32.a(stm32g4xx_hal_uart.o)
 .ARM.attributes
                0x00000634       0x2e obj/libstm32.a(stm32g4xx_hal_uart_ex.o)
OUTPUT(build/firmware.elf elf32-littlearm)
LOAD linker stubs
LOAD /opt/gcc-arm-none-eabi/bin/../lib/gcc/arm-none-eabi/13.2.1/../../../../arm-none-eabi/lib/thumb/v7e-m/nofp/libc.a
LOAD /opt/gcc-arm-none-eabi/bin/../lib/gcc/arm-none-eabi/13.2.1/../../../../arm-none-eabi/lib/thumb/v7e-m/nofp/libm.a
LOAD /opt/gcc-arm-none-eabi/bin/../lib/gcc/arm-none-eabi/13.2.1/thumb/v7e-m/nofp/libgcc.a

.debug_line     0x00000000    0x10039
 .debug_line    0x00000000       0x94 obj/startup_stm32g474xx.o
 .debug_line    0x00000094       0x46 obj/main.o
 .debug_line    0x000000da      0x26b obj/System.o
 .debug_line    0x00000345      0x28b obj/SampleApplication.o
 .debug_line    0x000005d0      0x44a obj/ADCModule.o
 .debug_line    0x00000a1a      0x19d obj/ButtonModule.o
 .debug_line    0x00000bb7      0x11b obj/HAL.o
 .debug_line    0x00000cd2      0x1a8 obj/LEDModule.o
 .debug_line    0x00000e7a      0x212 obj/TimerModule.o
 .debug_line    0x0000108c      0x247 obj/UARTModule.o
 .debug_line    0x000012d3       0x87 obj/FaultHandler.o
 .debug_line    0x0000135a      0x1d3 obj/Scheduler.o
 .debug_line    0x0000152d       0xb7 obj/SystemHandler.o
 .debug_line    0x000015e4      0x303 obj/SystemState.o
 .debug_line    0x000018e7      0x13c obj/Tasks.o
 .debug_line    0x00001a23      0x147 obj/ADCValues.o
 .debug_line    0x00001b6a      0x231 obj/LogOutput.o
 .debug_line    0x00001d9b      0x16a obj/FilterEMA.o
 .debug_line    0x00001f05      0x2b4 obj/StateTable.o
 .debug_line    0x000021b9     0x1be8 obj/libstm32.a(stm32g4xx_hal_adc.o)
 .debug_line    0x00003da1     0x1585 obj/libstm32.a(stm32g4xx_hal_adc_ex.o)
 .debug_line    0x00005326      0x56e obj/libstm32.a(stm32g4xx_hal.o)
 .debug_line    0x00005894      0x6c0 obj/libstm32.a(stm32g4xx_hal_cortex.o)
 .debug_line    0x00005f54      0x87e obj/libstm32.a(stm32g4xx_hal_dma.o)
 .debug_line    0x000067d2      0x553 obj/libstm32.a(stm32g4xx_hal_gpio.o)
 .debug_line    0x00006d25      0x719 obj/libstm32.a(stm32g4xx_hal_pwr_ex.o)
 .debug_line    0x0000743e      0xa28 obj/libstm32.a(stm32g4xx_hal_rcc.o)
 .debug_line    0x00007e66      0xccd obj/libstm32.a(stm32g4xx_hal_rcc_ex.o)
 .debug_line    0x00008b33     0x38fa obj/libstm32.a(stm32g4xx_hal_tim.o)
 .debug_line    0x0000c42d     0x1a60 obj/libstm32.a(stm32g4xx_hal_tim_ex.o)
 .debug_line    0x0000de8d     0x1b70 obj/libstm32.a(stm32g4xx_hal_uart.o)
 .debug_line    0x0000f9fd      0x63c obj/libstm32.a(stm32g4xx_hal_uart_ex.o)

.debug_info     0x00000000    0x155b5
 .debug_info    0x00000000       0x30 obj/startup_stm32g474xx.o
 .debug_info    0x00000030       0xbc obj/main.o
 .debug_info    0x000000ec      0x586 obj/System.o
 .debug_info    0x00000672      0x5b8 obj/SampleApplication.o
 .debug_info    0x00000c2a     0x1413 obj/ADCModule.o
 .debug_info    0x0000203d      0x52e obj/ButtonModule.o
 .debug_info    0x0000256b      0x2d6 obj/HAL.o
 .debug_info    0x00002841      0x562 obj/LEDModule.o
 .debug_info    0x00002da3      0xf9b obj/TimerModule.o
 .debug_info    0x00003d3e      0xdc0 obj/UARTModule.o
 .debug_info    0x00004afe       0x67 obj/FaultHandler.o
 .debug_info    0x00004b65      0x22b obj/Scheduler.o
 .debug_info    0x00004d90       0xcf obj/SystemHandler.o
 .debug_info    0x00004e5f      0x452 obj/SystemState.o
 .debug_info    0x000052b1       0xf7 obj/Tasks.o
 .debug_info    0x000053a8      0x204 obj/ADCValues.o
 .debug_info    0x000055ac      0x28b obj/LogOutput.o
 .debug_info    0x00005837      0x1a3 obj/FilterEMA.o
 .debug_info    0x000059da      0x41c obj/StateTable.o
 .debug_info    0x00005df6     0x2021 obj/libstm32.a(stm32g4xx_hal_adc.o)
 .debug_info    0x00007e17     0x1d63 obj/libstm32.a(stm32g4xx_hal_adc_ex.o)
 .debug_info    0x00009b7a      0xb51 obj/libstm32.a(stm32g4xx_hal.o)
 .debug_info    0x0000a6cb      0xda9 obj/libstm32.a(stm32g4xx_hal_cortex.o)
 .debug_info    0x0000b474      0x85b obj/libstm32.a(stm32g4xx_hal_dma.o)
 .debug_info    0x0000bccf      0x75f obj/libstm32.a(stm32g4xx_hal_gpio.o)
 .debug_info    0x0000c42e      0x93b obj/libstm32.a(stm32g4xx_hal_pwr_ex.o)
 .debug_info    0x0000cd69      0xbe0 obj/libstm32.a(stm32g4xx_hal_rcc.o)
 .debug_info    0x0000d949      0xc41 obj/libstm32.a(stm32g4xx_hal_rcc_ex.o)
 .debug_info    0x0000e58a     0x2a82 obj/libstm32.a(stm32g4xx_hal_tim.o)
 .debug_info    0x0001100c     0x1cb5 obj/libstm32.a(stm32g4xx_hal_tim_ex.o)
 .debug_info    0x00012cc1     0x1b7d obj/libstm32.a(stm32g4xx_hal_uart.o)
 .debug_info    0x0001483e      0xd77 obj/libstm32.a(stm32g4xx_hal_uart_ex.o)

.debug_abbrev   0x00000000     0x3739
 .debug_abbrev  0x00000000       0x1d obj/startup_stm32g474xx.o
 .debug_abbrev  0x0000001d       0x7b obj/main.o
 .debug_abbrev  0x00000098      0x1d1 obj/System.o
 .debug_abbrev  0x00000269      0x1c2 obj/SampleApplication.o
 .debug_abbrev  0x0000042b      0x27d obj/ADCModule.o
 .debug_abbrev  0x000006a8      0x1ac obj/ButtonModule.o
 .debug_abbrev  0x00000854       0xd7 obj/HAL.o
 .debug_abbrev  0x0000092b      0x1a9 obj/LEDModule.o
 .debug_abbrev  0x00000ad4      0x1fc obj/TimerModule.o
 .debug_abbrev  0x00000cd0      0x1e2 obj/UARTModule.o
 .debug_abbrev  0x00000eb2       0x2f obj/FaultHandler.o
 .debug_abbrev  0x00000ee1      0x102 obj/Scheduler.o
 .debug_abbrev  0x00000fe3       0x71 obj/SystemHandler.o
 .debug_abbrev  0x00001054      0x212 obj/SystemState.o
 .debug_abbrev  0x00001266       0x87 obj/Tasks.o
 .debug_abbrev  0x000012ed       0xfe obj/ADCValues.o
 .debug_abbrev  0x000013eb      0x140 obj/LogOutput.o
 .debug_abbrev  0x0000152b       0xc3 obj/FilterEMA.o
 .debug_abbrev  0x000015ee      0x134 obj/StateTable.o
 .debug_abbrev  0x00001722      0x2c8 obj/libstm32.a(stm32g4xx_hal_adc.o)
 .debug_abbrev  0x000019ea      0x2ec obj/libstm32.a(stm32g4xx_hal_adc_ex.o)
 .debug_abbrev  0x00001cd6      0x240 obj/libstm32.a(stm32g4xx_hal.o)
 .debug_abbrev  0x00001f16      0x31a obj/libstm32.a(stm32g4xx_hal_cortex.o)
 .debug_abbrev  0x00002230      0x1e0 obj/libstm32.a(stm32g4xx_hal_dma.o)
 .debug_abbrev  0x00002410      0x1c9 obj/libstm32.a(stm32g4xx_hal_gpio.o)
 .debug_abbrev  0x000025d9      0x22a obj/libstm32.a(stm32g4xx_hal_pwr_ex.o)
 .debug_abbrev  0x00002803      0x2c7 obj/libstm32.a(stm32g4xx_hal_rcc.o)
 .debug_abbrev  0x00002aca      0x256 obj/libstm32.a(stm32g4xx_hal_rcc_ex.o)
 .debug_abbrev  0x00002d20      0x29e obj/libstm32.a(stm32g4xx_hal_tim.o)
 .debug_abbrev  0x00002fbe      0x2be obj/libstm32.a(stm32g4xx_hal_tim_ex.o)
 .debug_abbrev  0x0000327c      0x289 obj/libstm32.a(stm32g4xx_hal_uart.o)
 .debug_abbrev  0x00003505      0x234 obj/libstm32.a(stm32g4xx_hal_uart_ex.o)

.debug_aranges  0x00000000     0x16d8
 .debug_aranges
                0x00000000       0x28 obj/startup_stm32g474xx.o
 .debug_aranges
                0x00000028       0x20 obj/main.o
 .debug_aranges
                0x00000048       0x38 obj/System.o
 .debug_aranges
                0x00000080       0x60 obj/SampleApplication.o
 .debug_aranges
                0x000000e0       0x50 obj/ADCModule.o
 .debug_aranges
                0x00000130       0x28 obj/ButtonModule.o
 .debug_aranges
                0x00000158       0x20 obj/HAL.o
 .debug_aranges
                0x00000178       0x30 obj/LEDModule.o
 .debug_aranges
                0x000001a8       0x30 obj/TimerModule.o
 .debug_aranges
                0x000001d8       0x28 obj/UARTModule.o
 .debug_aranges
                0x00000200       0x38 obj/FaultHandler.o
 .debug_aranges
                0x00000238       0x30 obj/Scheduler.o
 .debug_aranges
                0x00000268       0x40 obj/SystemHandler.o
 .debug_aranges
                0x000002a8       0x50 obj/SystemState.o
 .debug_aranges
                0x000002f8       0x40 obj/Tasks.o
 .debug_aranges
                0x00000338       0x30 obj/ADCValues.o
 .debug_aranges
                0x00000368       0x40 obj/LogOutput.o
 .debug_aranges
                0x000003a8       0x30 obj/FilterEMA.o
 .debug_aranges
                0x000003d8       0x38 obj/StateTable.o
 .debug_aranges
                0x00000410      0x248 obj/libstm32.a(stm32g4xx_hal_adc.o)
 .debug_aranges
                0x00000658      0x1c0 obj/libstm32.a(stm32g4xx_hal_adc_ex.o)
 .debug_aranges
                0x00000818      0x130 obj/libstm32.a(stm32g4xx_hal.o)
 .debug_aranges
                0x00000948      0x118 obj/libstm32.a(stm32g4xx_hal_cortex.o)
 .debug_aranges
                0x00000a60       0x90 obj/libstm32.a(stm32g4xx_hal_dma.o)
 .debug_aranges
                0x00000af0       0x58 obj/libstm32.a(stm32g4xx_hal_gpio.o)
 .debug_aranges
                0x00000b48      0x140 obj/libstm32.a(stm32g4xx_hal_pwr_ex.o)
 .debug_aranges
                0x00000c88       0x98 obj/libstm32.a(stm32g4xx_hal_rcc.o)
 .debug_aranges
                0x00000d20       0xb0 obj/libstm32.a(stm32g4xx_hal_rcc_ex.o)
 .debug_aranges
                0x00000dd0      0x3e0 obj/libstm32.a(stm32g4xx_hal_tim.o)
 .debug_aranges
                0x000011b0      0x240 obj/libstm32.a(stm32g4xx_hal_tim_ex.o)
 .debug_aranges
                0x000013f0      0x248 obj/libstm32.a(stm32g4xx_hal_uart.o)
 .debug_aranges
                0x00001638       0xa0 obj/libstm32.a(stm32g4xx_hal_uart_ex.o)

.debug_str      0x00000000     0x6ee8
 .debug_str     0x00000000     0x6ee8 obj/startup_stm32g474xx.o
                                 0x7e (size before relaxing)
 .debug_str     0x00006ee8      0x17c obj/main.o
 .debug_str     0x00006ee8      0x50c obj/System.o
 .debug_str     0x00006ee8      0x519 obj/SampleApplication.o
 .debug_str     0x00006ee8     0x13fd obj/ADCModule.o
 .debug_str     0x00006ee8      0x468 obj/ButtonModule.o
 .debug_str     0x00006ee8      0x2fc obj/HAL.o
 .debug_str     0x00006ee8      0x47f obj/LEDModule.o
 .debug_str     0x00006ee8     0x115e obj/TimerModule.o
 .debug_str     0x00006ee8      0xb98 obj/UARTModule.o
 .debug_str     0x00006ee8      0x122 obj/FaultHandler.o
 .debug_str     0x00006ee8      0x2c7 obj/Scheduler.o
 .debug_str     0x00006ee8      0x1bf obj/SystemHandler.o
 .debug_str     0x00006ee8      0x4cf obj/SystemState.o
 .debug_str     0x00006ee8      0x1c1 obj/Tasks.o
 .debug_str     0x00006ee8      0x2aa obj/ADCValues.o
 .debug_str     0x00006ee8      0x254 obj/LogOutput.o
 .debug_str     0x00006ee8      0x22a obj/FilterEMA.o
 .debug_str     0x00006ee8      0x3d4 obj/StateTable.o
 .debug_str     0x00006ee8     0x12cd obj/libstm32.a(stm32g4xx_hal_adc.o)
 .debug_str     0x00006ee8     0x12ad obj/libstm32.a(stm32g4xx_hal_adc_ex.o)
 .debug_str     0x00006ee8      0xde0 obj/libstm32.a(stm32g4xx_hal.o)
 .debug_str     0x00006ee8      0xd25 obj/libstm32.a(stm32g4xx_hal_cortex.o)
 .debug_str     0x00006ee8      0x769 obj/libstm32.a(stm32g4xx_hal_dma.o)
 .debug_str     0x00006ee8      0x508 obj/libstm32.a(stm32g4xx_hal_gpio.o)
 .debug_str     0x00006ee8      0x7aa obj/libstm32.a(stm32g4xx_hal_pwr_ex.o)
 .debug_str     0x00006ee8      0x80b obj/libstm32.a(stm32g4xx_hal_rcc.o)
 .debug_str     0x00006ee8      0xa2d obj/libstm32.a(stm32g4xx_hal_rcc_ex.o)
 .debug_str     0x00006ee8     0x1856 obj/libstm32.a(stm32g4xx_hal_tim.o)
 .debug_str     0x00006ee8     0x14e0 obj/libstm32.a(stm32g4xx_hal_tim_ex.o)
 .debug_str     0x00006ee8     0x1195 obj/libstm32.a(stm32g4xx_hal_uart.o)
 .debug_str     0x00006ee8      0xac0 obj/libstm32.a(stm32g4xx_hal_uart_ex.o)

.debug_ranges   0x00000000       0x20
 .debug_ranges  0x00000000       0x20 obj/startup_stm32g474xx.o

.debug_rnglists
                0x00000000     0x1160
 .debug_rnglists
                0x00000000       0x13 obj/main.o
 .debug_rnglists
                0x00000013       0x27 obj/System.o
 .debug_rnglists
                0x0000003a       0x44 obj/SampleApplication.o
 .debug_rnglists
                0x0000007e       0x39 obj/ADCModule.o
 .debug_rnglists
                0x000000b7       0x1a obj/ButtonModule.o
 .debug_rnglists
                0x000000d1       0x13 obj/HAL.o
 .debug_rnglists
                0x000000e4       0x21 obj/LEDModule.o
 .debug_rnglists
                0x00000105       0x20 obj/TimerModule.o
 .debug_rnglists
                0x00000125       0x1a obj/UARTModule.o
 .debug_rnglists
                0x0000013f       0x25 obj/FaultHandler.o
 .debug_rnglists
                0x00000164       0x20 obj/Scheduler.o
 .debug_rnglists
                0x00000184       0x2b obj/SystemHandler.o
 .debug_rnglists
                0x000001af       0x37 obj/SystemState.o
 .debug_rnglists
                0x000001e6       0x2b obj/Tasks.o
 .debug_rnglists
                0x00000211       0x1f obj/ADCValues.o
 .debug_rnglists
                0x00000230       0x2b obj/LogOutput.o
 .debug_rnglists
                0x0000025b       0x1f obj/FilterEMA.o
 .debug_rnglists
                0x0000027a       0x27 obj/StateTable.o
 .debug_rnglists
                0x000002a1      0x1c0 obj/libstm32.a(stm32g4xx_hal_adc.o)
 .debug_rnglists
                0x00000461      0x15a obj/libstm32.a(stm32g4xx_hal_adc_ex.o)
 .debug_rnglists
                0x000005bb       0xdf obj/libstm32.a(stm32g4xx_hal.o)
 .debug_rnglists
                0x0000069a       0xce obj/libstm32.a(stm32g4xx_hal_cortex.o)
 .debug_rnglists
                0x00000768       0x71 obj/libstm32.a(stm32g4xx_hal_dma.o)
 .debug_rnglists
                0x000007d9       0x3f obj/libstm32.a(stm32g4xx_hal_gpio.o)
 .debug_rnglists
                0x00000818       0xf1 obj/libstm32.a(stm32g4xx_hal_pwr_ex.o)
 .debug_rnglists
                0x00000909       0x73 obj/libstm32.a(stm32g4xx_hal_rcc.o)
 .debug_rnglists
                0x0000097c       0x87 obj/libstm32.a(stm32g4xx_hal_rcc_ex.o)
 .debug_rnglists
                0x00000a03      0x328 obj/libstm32.a(stm32g4xx_hal_tim.o)
 .debug_rnglists
                0x00000d2b      0x1cb obj/libstm32.a(stm32g4xx_hal_tim_ex.o)
 .debug_rnglists
                0x00000ef6      0x1f1 obj/libstm32.a(stm32g4xx_hal_uart.o)
 .debug_rnglists
                0x000010e7       0x79 obj/libstm32.a(stm32g4xx_hal_uart_ex.o)

.comment        0x00000000       0x44
 .comment       0x00000000       0x44 obj/main.o
                                 0x45 (size before relaxing)
 .comment       0x00000044       0x45 obj/System.o
 .comment       0x00000044       0x45 obj/SampleApplication.o
 .comment       0x00000044       0x45 obj/ADCModule.o
 .comment       0x00000044       0x45 obj/ButtonModule.o
 .comment       0x00000044       0x45 obj/HAL.o
 .comment       0x00000044       0x45 obj/LEDModule.o
 .comment       0x00000044       0x45 obj/TimerModule.o
 .comment       0x00000044       0x45 obj/UARTModule.o
 .comment       0x00000044       0x45 obj/FaultHandler.o
 .comment       0x00000044       0x45 obj/Scheduler.o
 .comment       0x00000044       0x45 obj/SystemHandler.o
 .comment       0x00000044       0x45 obj/SystemState.o
 .comment       0x00000044       0x45 obj/Tasks.o
 .comment       0x00000044       0x45 obj/ADCValues.o
 .comment       0x00000044       0x45 obj/LogOutput.o
 .comment       0x00000044       0x45 obj/FilterEMA.o
 .comment       0x00000044       0x45 obj/StateTable.o
 .comment       0x00000044       0x45 obj/libstm32.a(stm32g4xx_hal_adc.o)
 .comment       0x00000044       0x45 obj/libstm32.a(stm32g4xx_hal_adc_ex.o)
 .comment       0x00000044       0x45 obj/libstm32.a(stm32g4xx_hal.o)
 .comment       0x00000044       0x45 obj/libstm32.a(stm32g4xx_hal_cortex.o)
 .comment       0x00000044       0x45 obj/libstm32.a(stm32g4xx_hal_dma.o)
 .comment       0x00000044       0x45 obj/libstm32.a(stm32g4xx_hal_gpio.o)
 .comment       0x00000044       0x45 obj/libstm32.a(stm32g4xx_hal_pwr_ex.o)
 .comment       0x00000044       0x45 obj/libstm32.a(stm32g4xx_hal_rcc.o)
 .comment       0x00000044       0x45 obj/libstm32.a(stm32g4xx_hal_rcc_ex.o)
 .comment       0x00000044       0x45 obj/libstm32.a(stm32g4xx_hal_tim.o)
 .comment       0x00000044       0x45 obj/libstm32.a(stm32g4xx_hal_tim_ex.o)
 .comment       0x00000044       0x45 obj/libstm32.a(stm32g4xx_hal_uart.o)
 .comment       0x00000044       0x45 obj/libstm32.a(stm32g4xx_hal_uart_ex.o)

.debug_frame    0x00000000     0x5e88
 .debug_frame   0x00000000       0x2c obj/main.o
 .debug_frame   0x0000002c       0x94 obj/System.o
 .debug_frame   0x000000c0      0x15c obj/SampleApplication.o
 .debug_frame   0x0000021c      0x104 obj/ADCModule.o
 .debug_frame   0x00000320       0x58 obj/ButtonModule.o
 .debug_frame   0x00000378       0x34 obj/HAL.o
 .debug_frame   0x000003ac       0x7c obj/LEDModule.o
 .debug_frame   0x00000428       0x74 obj/TimerModule.o
 .debug_frame   0x0000049c       0x5c obj/UARTModule.o
 .debug_frame   0x000004f8       0x70 obj/FaultHandler.o
 .debug_frame   0x00000568       0x84 obj/Scheduler.o
 .debug_frame   0x000005ec       0xac obj/SystemHandler.o
 .debug_frame   0x00000698       0xec obj/SystemState.o
 .debug_frame   0x00000784       0xac obj/Tasks.o
 .debug_frame   0x00000830       0x74 obj/ADCValues.o
 .debug_frame   0x000008a4       0xf4 obj/LogOutput.o
 .debug_frame   0x00000998       0x84 obj/FilterEMA.o
 .debug_frame   0x00000a1c       0xa8 obj/StateTable.o
 .debug_frame   0x00000ac4       0x20 /opt/gcc-arm-none-eabi/bin/../lib/gcc/arm-none-eabi/13.2.1/../../../../arm-none-eabi/lib/thumb/v7e-m/nofp/libc_nano.a(libc_a-memset.o)
 .debug_frame   0x00000ae4       0x2c /opt/gcc-arm-none-eabi/bin/../lib/gcc/arm-none-eabi/13.2.1/thumb/v7e-m/nofp/libgcc.a(_aeabi_uldivmod.o)
 .debug_frame   0x00000b10       0x34 /opt/gcc-arm-none-eabi/bin/../lib/gcc/arm-none-eabi/13.2.1/thumb/v7e-m/nofp/libgcc.a(_udivmoddi4.o)
 .debug_frame   0x00000b44      0xacc obj/libstm32.a(stm32g4xx_hal_adc.o)
 .debug_frame   0x00001610      0x81c obj/libstm32.a(stm32g4xx_hal_adc_ex.o)
 .debug_frame   0x00001e2c      0x4a0 obj/libstm32.a(stm32g4xx_hal.o)
 .debug_frame   0x000022cc      0x498 obj/libstm32.a(stm32g4xx_hal_cortex.o)
 .debug_frame   0x00002764      0x24c obj/libstm32.a(stm32g4xx_hal_dma.o)
 .debug_frame   0x000029b0      0x14c obj/libstm32.a(stm32g4xx_hal_gpio.o)
 .debug_frame   0x00002afc      0x4fc obj/libstm32.a(stm32g4xx_hal_pwr_ex.o)
 .debug_frame   0x00002ff8      0x23c obj/libstm32.a(stm32g4xx_hal_rcc.o)
 .debug_frame   0x00003234      0x2ac obj/libstm32.a(stm32g4xx_hal_rcc_ex.o)
 .debug_frame   0x000034e0     0x1220 obj/libstm32.a(stm32g4xx_hal_tim.o)
 .debug_frame   0x00004700      0xa68 obj/libstm32.a(stm32g4xx_hal_tim_ex.o)
 .debug_frame   0x00005168      0xa84 obj/libstm32.a(stm32g4xx_hal_uart.o)
 .debug_frame   0x00005bec      0x29c obj/libstm32.a(stm32g4xx_hal_uart_ex.o)

.debug_line_str
                0x00000000      0x1ac
 .debug_line_str
                0x00000000      0x1ac /opt/gcc-arm-none-eabi/bin/../lib/gcc/arm-none-eabi/13.2.1/../../../../arm-none-eabi/lib/thumb/v7e-m/nofp/libc_nano.a(libc_a-strlen.o)
                                 0xe1 (size before relaxing)
 .debug_line_str
                0x000001ac       0xbf /opt/gcc-arm-none-eabi/bin/../lib/gcc/arm-none-eabi/13.2.1/thumb/v7e-m/nofp/libgcc.a(_aeabi_uldivmod.o)
 .debug_line_str
                0x000001ac       0xc3 /opt/gcc-arm-none-eabi/bin/../lib/gcc/arm-none-eabi/13.2.1/thumb/v7e-m/nofp/libgcc.a(_dvmd_tls.o)
